audited / -> INDEXABLE_OK
audited /_next/static/chunks/webpack-9fd9461f40a9c182.js -> INDEXABLE_OK
audited /_next/static/css/f8e3fefdf4b76f45.css -> INDEXABLE_OK
audited /_next/static/media/36966cca54120369-s.p.woff2 -> INDEXABLE_OK
audited /_next/static/media/e4af272ccee01ff0-s.p.woff2 -> INDEXABLE_OK
audited /about -> INDEXABLE_OK
audited /author/casinopulse-editorial-team -> INDEXABLE_OK
audited /bangladesh-casino-payments -> INDEXABLE_OK
audited /bitcoin-casino -> BROKEN_404
audited /bkash -> BROKEN_404
audited /blacklist -> INDEXABLE_OK
audited /blogs -> INDEXABLE_OK
audited /blogs/avoid-1xbet -> INDEXABLE_OK
audited /blogs/avoid-22bet -> INDEXABLE_OK
audited /blogs/avoid-7bit-casino -> INDEXABLE_OK
audited /blogs/avoid-betwinner -> INDEXABLE_OK
audited /blogs/avoid-bovada -> INDEXABLE_OK
audited /blogs/avoid-casino-extreme -> INDEXABLE_OK
audited /blogs/avoid-fairspin -> INDEXABLE_OK
audited /blogs/avoid-megapari -> INDEXABLE_OK
audited /blogs/avoid-melbet -> INDEXABLE_OK
audited /blogs/avoid-mostbet -> INDEXABLE_OK
audited /blogs/avoid-mystake -> INDEXABLE_OK
audited /blogs/avoid-nitrobetting -> INDEXABLE_OK
audited /blogs/avoid-parimatch -> INDEXABLE_OK
audited /blogs/avoid-rabona -> INDEXABLE_OK
audited /blogs/avoid-vave -> INDEXABLE_OK
audited /blogs/avoid-wild-casino -> INDEXABLE_OK
audited /blogs/best-upi-casinos-indian-players -> NOINDEX_EXPECTED
audited /blogs/cricket-betting-guide-ipl-2026 -> NOINDEX_EXPECTED
audited /blogs/india-online-gambling-regulations-2026 -> NOINDEX_EXPECTED
audited /blogs/review-1xbet -> CANONICAL_MISMATCH
audited /blogs/review-22bet -> CANONICAL_MISMATCH
audited /blogs/review-7bit-casino -> BROKEN_404
audited /blogs/review-888-casino -> INDEXABLE_OK
audited /blogs/review-bc-game -> INDEXABLE_OK
audited /blogs/review-bet365 -> INDEXABLE_OK
audited /blogs/review-betus -> INDEXABLE_OK
audited /blogs/review-betway -> INDEXABLE_OK
audited /blogs/review-betwinner -> CANONICAL_MISMATCH
audited /blogs/review-bitcasino -> INDEXABLE_OK
audited /blogs/review-bovada -> CANONICAL_MISMATCH
audited /blogs/review-casino-extreme -> BROKEN_404
audited /blogs/review-cloudbet -> INDEXABLE_OK
audited /blogs/review-draftkings-casino -> INDEXABLE_OK
audited /blogs/review-duelbits -> INDEXABLE_OK
audited /blogs/review-fairspin -> BROKEN_404
audited /blogs/review-fanduel-casino -> INDEXABLE_OK
audited /blogs/review-fortunejack -> INDEXABLE_OK
audited /blogs/review-gamdom -> INDEXABLE_OK
audited /blogs/review-ignition-casino -> INDEXABLE_OK
audited /blogs/review-jackbit -> INDEXABLE_OK
audited /blogs/review-leovegas -> INDEXABLE_OK
audited /blogs/review-megapari -> BROKEN_404
audited /blogs/review-melbet -> CANONICAL_MISMATCH
audited /blogs/review-mostbet -> CANONICAL_MISMATCH
audited /blogs/review-mystake -> BROKEN_404
audited /blogs/review-nitrobetting -> BROKEN_404
audited /blogs/review-parimatch -> CANONICAL_MISMATCH
audited /blogs/review-pin-up-casino -> INDEXABLE_OK
audited /blogs/review-pokerstars -> CANONICAL_MISMATCH
audited /blogs/review-pokerstars-casino -> INDEXABLE_OK
audited /blogs/review-rabona -> BROKEN_404
audited /blogs/review-rollbit -> INDEXABLE_OK
audited /blogs/review-roobet -> INDEXABLE_OK
audited /blogs/review-shuffle -> INDEXABLE_OK
audited /blogs/review-sportsbet-io -> INDEXABLE_OK
audited /blogs/review-stake -> INDEXABLE_OK
audited /blogs/review-tg-casino -> INDEXABLE_OK
audited /blogs/review-thunderpick -> INDEXABLE_OK
audited /blogs/review-vave -> CANONICAL_MISMATCH
audited /blogs/review-wild-casino -> CANONICAL_MISMATCH
audited /casinos -> INDEXABLE_OK
audited /casinos/rank/1.png -> INDEXABLE_OK
audited /casinos/rank/2.png -> INDEXABLE_OK
audited /casinos/rank/3.png -> INDEXABLE_OK
audited /casinos/rank/4.png -> INDEXABLE_OK
audited /casinos/rank/5.png -> INDEXABLE_OK
audited /casinos/rank/6.png -> INDEXABLE_OK
audited /compare -> INDEXABLE_OK
audited /contact -> INDEXABLE_OK
audited /contact?casino=stake&referral=pending -> CANONICAL_MISMATCH
audited /cookies -> INDEXABLE_OK
audited /crypto/bitcoin-casino -> INDEXABLE_OK
audited /crypto/ethereum-casino -> INDEXABLE_OK
audited /crypto/usdt-casino -> INDEXABLE_OK
audited /easypaisa -> BROKEN_404
audited /editorial-policy -> INDEXABLE_OK
audited /editorial-team -> INDEXABLE_OK
audited /ethereum-casino -> BROKEN_404
audited /go/1xbet -> REDIRECT_EXPECTED
audited /go/22bet -> REDIRECT_EXPECTED
audited /go/7bit-casino -> REDIRECT_EXPECTED
audited /go/888-casino -> REDIRECT_EXPECTED
audited /go/bc-game -> REDIRECT_EXPECTED
audited /go/bet365 -> REDIRECT_EXPECTED
audited /go/betus -> REDIRECT_EXPECTED
audited /go/betway -> REDIRECT_EXPECTED
audited /go/betwinner -> REDIRECT_EXPECTED
audited /go/bitcasino -> REDIRECT_EXPECTED
audited /go/cloudbet -> REDIRECT_EXPECTED
audited /go/draftkings-casino -> REDIRECT_EXPECTED
audited /go/leovegas -> REDIRECT_EXPECTED
audited /go/pokerstars-casino -> REDIRECT_EXPECTED
audited /go/rollbit -> REDIRECT_EXPECTED
audited /go/roobet -> REDIRECT_EXPECTED
audited /go/stake -> REDIRECT_EXPECTED
audited /how-we-review -> INDEXABLE_OK
audited /imps -> BROKEN_404
audited /india-casino-payments -> INDEXABLE_OK
audited /jazzcash -> BROKEN_404
audited /manifest.webmanifest -> INDEXABLE_OK
audited /nagad -> BROKEN_404
audited /news -> INDEXABLE_OK
audited /news/news-1 -> INDEXABLE_OK
audited /news/news-2 -> NOINDEX_EXPECTED
audited /news/news-3 -> NOINDEX_EXPECTED
audited /news/news-4 -> INDEXABLE_OK
audited /news/news-5 -> NOINDEX_EXPECTED
audited /news/news-6 -> NOINDEX_EXPECTED
audited /news/news-7 -> NOINDEX_EXPECTED
audited /news/news-8 -> NOINDEX_EXPECTED
audited /news/news-9 -> NOINDEX_EXPECTED
audited /pakistan-casino-payments -> INDEXABLE_OK
audited /payment/bkash -> INDEXABLE_OK
audited /payment/easypaisa -> INDEXABLE_OK
audited /payment/imps -> INDEXABLE_OK
audited /payment/jazzcash -> INDEXABLE_OK
audited /payment/nagad -> INDEXABLE_OK
audited /payment/paytm -> INDEXABLE_OK
audited /payment/phonepe -> INDEXABLE_OK
audited /payment/upi -> INDEXABLE_OK
audited /paytm -> BROKEN_404
audited /phonepe -> BROKEN_404
audited /privacy -> INDEXABLE_OK
audited /responsible-gambling -> INDEXABLE_OK
audited /terms -> INDEXABLE_OK
audited /upi -> BROKEN_404
audited /usdt-casino -> BROKEN_404
