/: Breadcrumb=no Review=no
/about: Breadcrumb=yes Review=no
/author/casinopulse-editorial-team: Breadcrumb=yes Review=no
/bangladesh-casino-payments: Breadcrumb=yes Review=no
/blacklist: Breadcrumb=yes Review=no
/blogs: Breadcrumb=yes Review=no
/blogs/avoid-1xbet: Breadcrumb=yes Review=yes
/blogs/avoid-22bet: Breadcrumb=yes Review=yes
/blogs/avoid-7bit-casino: Breadcrumb=yes Review=no
/blogs/avoid-betwinner: Breadcrumb=yes Review=yes
/blogs/avoid-bovada: Breadcrumb=yes Review=yes
/blogs/avoid-casino-extreme: Breadcrumb=yes Review=no
/blogs/avoid-fairspin: Breadcrumb=yes Review=no
/blogs/avoid-megapari: Breadcrumb=yes Review=no
/blogs/avoid-melbet: Breadcrumb=yes Review=yes
/blogs/avoid-mostbet: Breadcrumb=yes Review=yes
/blogs/avoid-mystake: Breadcrumb=yes Review=no
/blogs/avoid-nitrobetting: Breadcrumb=yes Review=no
/blogs/avoid-parimatch: Breadcrumb=yes Review=yes
/blogs/avoid-rabona: Breadcrumb=yes Review=no
/blogs/avoid-vave: Breadcrumb=yes Review=yes
/blogs/avoid-wild-casino: Breadcrumb=yes Review=yes
/blogs/review-888-casino: Breadcrumb=yes Review=yes
/blogs/review-bc-game: Breadcrumb=yes Review=yes
/blogs/review-bet365: Breadcrumb=yes Review=yes
/blogs/review-betus: Breadcrumb=yes Review=no
/blogs/review-betway: Breadcrumb=yes Review=yes
/blogs/review-bitcasino: Breadcrumb=yes Review=no
/blogs/review-cloudbet: Breadcrumb=yes Review=yes
/blogs/review-draftkings-casino: Breadcrumb=yes Review=no
/blogs/review-duelbits: Breadcrumb=yes Review=no
/blogs/review-fanduel-casino: Breadcrumb=yes Review=no
/blogs/review-fortunejack: Breadcrumb=yes Review=no
/blogs/review-gamdom: Breadcrumb=yes Review=no
/blogs/review-ignition-casino: Breadcrumb=yes Review=no
/blogs/review-jackbit: Breadcrumb=yes Review=no
/blogs/review-leovegas: Breadcrumb=yes Review=yes
/blogs/review-pin-up-casino: Breadcrumb=yes Review=yes
/blogs/review-pokerstars-casino: Breadcrumb=yes Review=yes
/blogs/review-rollbit: Breadcrumb=yes Review=yes
/blogs/review-roobet: Breadcrumb=yes Review=yes
/blogs/review-shuffle: Breadcrumb=yes Review=no
/blogs/review-sportsbet-io: Breadcrumb=yes Review=no
/blogs/review-stake: Breadcrumb=yes Review=yes
/blogs/review-tg-casino: Breadcrumb=yes Review=no
/blogs/review-thunderpick: Breadcrumb=yes Review=no
/casinos: Breadcrumb=yes Review=no
/compare: Breadcrumb=yes Review=no
/contact: Breadcrumb=yes Review=no
/cookies: Breadcrumb=yes Review=no
/crypto/bitcoin-casino: Breadcrumb=yes Review=no
/crypto/ethereum-casino: Breadcrumb=yes Review=no
/crypto/usdt-casino: Breadcrumb=yes Review=no
/editorial-policy: Breadcrumb=yes Review=no
/editorial-team: Breadcrumb=yes Review=no
/go/22bet: Breadcrumb=yes Review=no
/how-we-review: Breadcrumb=yes Review=no
/india-casino-payments: Breadcrumb=yes Review=no
/news: Breadcrumb=yes Review=no
/news/news-1: Breadcrumb=yes Review=no
/news/news-4: Breadcrumb=yes Review=no
/pakistan-casino-payments: Breadcrumb=yes Review=no
/payment/bkash: Breadcrumb=yes Review=no
/payment/easypaisa: Breadcrumb=yes Review=no
/payment/imps: Breadcrumb=yes Review=no
/payment/jazzcash: Breadcrumb=yes Review=no
/payment/nagad: Breadcrumb=yes Review=no
/payment/paytm: Breadcrumb=yes Review=no
/payment/phonepe: Breadcrumb=yes Review=no
/payment/upi: Breadcrumb=yes Review=no
/privacy: Breadcrumb=yes Review=no
/responsible-gambling: Breadcrumb=yes Review=no
/terms: Breadcrumb=yes Review=no
